Archive member included to satisfy reference by file (symbol)

/home/jzy/efinity/efinity-riscv-ide-2026.1/toolchain/bin/../lib/gcc/riscv-none-elf/13.4.0/../../../../riscv-none-elf/lib/rv32im/ilp32/libc.a(libc_a-reent.o)
                              build/obj_files/syscalls.o (errno)
/home/jzy/efinity/efinity-riscv-ide-2026.1/toolchain/bin/../lib/gcc/riscv-none-elf/13.4.0/../../../../riscv-none-elf/lib/rv32im/ilp32/libc.a(libc_a-impure.o)
                              /home/jzy/efinity/efinity-riscv-ide-2026.1/toolchain/bin/../lib/gcc/riscv-none-elf/13.4.0/../../../../riscv-none-elf/lib/rv32im/ilp32/libc.a(libc_a-reent.o) (_impure_ptr)
/home/jzy/efinity/efinity-riscv-ide-2026.1/toolchain/bin/../lib/gcc/riscv-none-elf/13.4.0/../../../../riscv-none-elf/lib/rv32im/ilp32/libc.a(libc_a-init.o)
                              build/obj_files/start.o (__libc_init_array)
/home/jzy/efinity/efinity-riscv-ide-2026.1/toolchain/bin/../lib/gcc/riscv-none-elf/13.4.0/../../../../riscv-none-elf/lib/rv32im/ilp32/libc.a(libc_a-freer.o)
                              /home/jzy/efinity/efinity-riscv-ide-2026.1/toolchain/bin/../lib/gcc/riscv-none-elf/13.4.0/../../../../riscv-none-elf/lib/rv32im/ilp32/libc.a(libc_a-reent.o) (_free_r)
/home/jzy/efinity/efinity-riscv-ide-2026.1/toolchain/bin/../lib/gcc/riscv-none-elf/13.4.0/../../../../riscv-none-elf/lib/rv32im/ilp32/libc.a(libc_a-mallocr.o)
                              /home/jzy/efinity/efinity-riscv-ide-2026.1/toolchain/bin/../lib/gcc/riscv-none-elf/13.4.0/../../../../riscv-none-elf/lib/rv32im/ilp32/libc.a(libc_a-freer.o) (__malloc_av_)
/home/jzy/efinity/efinity-riscv-ide-2026.1/toolchain/bin/../lib/gcc/riscv-none-elf/13.4.0/../../../../riscv-none-elf/lib/rv32im/ilp32/libc.a(libc_a-mlock.o)
                              /home/jzy/efinity/efinity-riscv-ide-2026.1/toolchain/bin/../lib/gcc/riscv-none-elf/13.4.0/../../../../riscv-none-elf/lib/rv32im/ilp32/libc.a(libc_a-freer.o) (__malloc_lock)
/home/jzy/efinity/efinity-riscv-ide-2026.1/toolchain/bin/../lib/gcc/riscv-none-elf/13.4.0/../../../../riscv-none-elf/lib/rv32im/ilp32/libc.a(libc_a-findfp.o)
                              /home/jzy/efinity/efinity-riscv-ide-2026.1/toolchain/bin/../lib/gcc/riscv-none-elf/13.4.0/../../../../riscv-none-elf/lib/rv32im/ilp32/libc.a(libc_a-impure.o) (__sf)
/home/jzy/efinity/efinity-riscv-ide-2026.1/toolchain/bin/../lib/gcc/riscv-none-elf/13.4.0/../../../../riscv-none-elf/lib/rv32im/ilp32/libc.a(libc_a-fwalk.o)
                              /home/jzy/efinity/efinity-riscv-ide-2026.1/toolchain/bin/../lib/gcc/riscv-none-elf/13.4.0/../../../../riscv-none-elf/lib/rv32im/ilp32/libc.a(libc_a-findfp.o) (_fwalk_sglue)
/home/jzy/efinity/efinity-riscv-ide-2026.1/toolchain/bin/../lib/gcc/riscv-none-elf/13.4.0/../../../../riscv-none-elf/lib/rv32im/ilp32/libc.a(libc_a-stdio.o)
                              /home/jzy/efinity/efinity-riscv-ide-2026.1/toolchain/bin/../lib/gcc/riscv-none-elf/13.4.0/../../../../riscv-none-elf/lib/rv32im/ilp32/libc.a(libc_a-findfp.o) (__sread)
/home/jzy/efinity/efinity-riscv-ide-2026.1/toolchain/bin/../lib/gcc/riscv-none-elf/13.4.0/../../../../riscv-none-elf/lib/rv32im/ilp32/libc.a(libc_a-closer.o)
                              /home/jzy/efinity/efinity-riscv-ide-2026.1/toolchain/bin/../lib/gcc/riscv-none-elf/13.4.0/../../../../riscv-none-elf/lib/rv32im/ilp32/libc.a(libc_a-stdio.o) (_close_r)
/home/jzy/efinity/efinity-riscv-ide-2026.1/toolchain/bin/../lib/gcc/riscv-none-elf/13.4.0/../../../../riscv-none-elf/lib/rv32im/ilp32/libc.a(libc_a-lseekr.o)
                              /home/jzy/efinity/efinity-riscv-ide-2026.1/toolchain/bin/../lib/gcc/riscv-none-elf/13.4.0/../../../../riscv-none-elf/lib/rv32im/ilp32/libc.a(libc_a-stdio.o) (_lseek_r)
/home/jzy/efinity/efinity-riscv-ide-2026.1/toolchain/bin/../lib/gcc/riscv-none-elf/13.4.0/../../../../riscv-none-elf/lib/rv32im/ilp32/libc.a(libc_a-readr.o)
                              /home/jzy/efinity/efinity-riscv-ide-2026.1/toolchain/bin/../lib/gcc/riscv-none-elf/13.4.0/../../../../riscv-none-elf/lib/rv32im/ilp32/libc.a(libc_a-stdio.o) (_read_r)
/home/jzy/efinity/efinity-riscv-ide-2026.1/toolchain/bin/../lib/gcc/riscv-none-elf/13.4.0/../../../../riscv-none-elf/lib/rv32im/ilp32/libc.a(libc_a-sbrkr.o)
                              /home/jzy/efinity/efinity-riscv-ide-2026.1/toolchain/bin/../lib/gcc/riscv-none-elf/13.4.0/../../../../riscv-none-elf/lib/rv32im/ilp32/libc.a(libc_a-freer.o) (_sbrk_r)
/home/jzy/efinity/efinity-riscv-ide-2026.1/toolchain/bin/../lib/gcc/riscv-none-elf/13.4.0/../../../../riscv-none-elf/lib/rv32im/ilp32/libc.a(libc_a-writer.o)
                              /home/jzy/efinity/efinity-riscv-ide-2026.1/toolchain/bin/../lib/gcc/riscv-none-elf/13.4.0/../../../../riscv-none-elf/lib/rv32im/ilp32/libc.a(libc_a-stdio.o) (_write_r)
/home/jzy/efinity/efinity-riscv-ide-2026.1/toolchain/bin/../lib/gcc/riscv-none-elf/13.4.0/../../../../riscv-none-elf/lib/rv32im/ilp32/libc.a(libc_a-lock.o)
                              /home/jzy/efinity/efinity-riscv-ide-2026.1/toolchain/bin/../lib/gcc/riscv-none-elf/13.4.0/../../../../riscv-none-elf/lib/rv32im/ilp32/libc.a(libc_a-findfp.o) (__retarget_lock_init_recursive)
/home/jzy/efinity/efinity-riscv-ide-2026.1/toolchain/bin/../lib/gcc/riscv-none-elf/13.4.0/../../../../riscv-none-elf/lib/rv32im/ilp32/libc.a(libc_a-memset.o)
                              /home/jzy/efinity/efinity-riscv-ide-2026.1/toolchain/bin/../lib/gcc/riscv-none-elf/13.4.0/../../../../riscv-none-elf/lib/rv32im/ilp32/libc.a(libc_a-findfp.o) (memset)
/home/jzy/efinity/efinity-riscv-ide-2026.1/toolchain/bin/../lib/gcc/riscv-none-elf/13.4.0/../../../../riscv-none-elf/lib/rv32im/ilp32/libc.a(libc_a-fclose.o)
                              /home/jzy/efinity/efinity-riscv-ide-2026.1/toolchain/bin/../lib/gcc/riscv-none-elf/13.4.0/../../../../riscv-none-elf/lib/rv32im/ilp32/libc.a(libc_a-findfp.o) (_fclose_r)
/home/jzy/efinity/efinity-riscv-ide-2026.1/toolchain/bin/../lib/gcc/riscv-none-elf/13.4.0/../../../../riscv-none-elf/lib/rv32im/ilp32/libc.a(libc_a-fflush.o)
                              /home/jzy/efinity/efinity-riscv-ide-2026.1/toolchain/bin/../lib/gcc/riscv-none-elf/13.4.0/../../../../riscv-none-elf/lib/rv32im/ilp32/libc.a(libc_a-fclose.o) (__sflush_r)
/home/jzy/efinity/efinity-riscv-ide-2026.1/toolchain/bin/../lib/gcc/riscv-none-elf/13.4.0/../../../../riscv-none-elf/lib/rv32im/ilp32/libnosys.a(sbrk.o)
                              /home/jzy/efinity/efinity-riscv-ide-2026.1/toolchain/bin/../lib/gcc/riscv-none-elf/13.4.0/../../../../riscv-none-elf/lib/rv32im/ilp32/libc.a(libc_a-sbrkr.o) (_sbrk)

Discarded input sections

 .group         0x00000000        0xc build/obj_files/main.o
 .group         0x00000000        0xc build/obj_files/main.o
 .group         0x00000000        0xc build/obj_files/main.o
 .group         0x00000000        0xc build/obj_files/main.o
 .group         0x00000000        0xc build/obj_files/main.o
 .group         0x00000000        0xc build/obj_files/main.o
 .group         0x00000000        0xc build/obj_files/main.o
 .group         0x00000000        0xc build/obj_files/main.o
 .group         0x00000000        0xc build/obj_files/main.o
 .group         0x00000000        0xc build/obj_files/main.o
 .group         0x00000000        0xc build/obj_files/main.o
 .group         0x00000000        0xc build/obj_files/main.o
 .group         0x00000000        0xc build/obj_files/main.o
 .group         0x00000000        0xc build/obj_files/main.o
 .group         0x00000000        0xc build/obj_files/main.o
 .group         0x00000000        0xc build/obj_files/main.o
 .group         0x00000000        0xc build/obj_files/main.o
 .group         0x00000000        0xc build/obj_files/main.o
 .group         0x00000000        0xc build/obj_files/main.o
 .group         0x00000000        0xc build/obj_files/main.o
 .group         0x00000000        0xc build/obj_files/main.o
 .group         0x00000000        0xc build/obj_files/main.o
 .group         0x00000000        0xc build/obj_files/main.o
 .group         0x00000000        0xc build/obj_files/main.o
 .group         0x00000000        0xc build/obj_files/main.o
 .group         0x00000000        0xc build/obj_files/main.o
 .group         0x00000000        0xc build/obj_files/main.o
 .group         0x00000000        0xc build/obj_files/main.o
 .group         0x00000000        0xc build/obj_files/main.o
 .group         0x00000000        0xc build/obj_files/main.o
 .group         0x00000000        0xc build/obj_files/main.o
 .group         0x00000000        0xc build/obj_files/main.o
 .group         0x00000000        0xc build/obj_files/main.o
 .group         0x00000000        0xc build/obj_files/main.o
 .group         0x00000000        0xc build/obj_files/main.o
 .text          0x00000000        0x0 build/obj_files/main.o
 .data          0x00000000        0x0 build/obj_files/main.o
 .bss           0x00000000        0x0 build/obj_files/main.o
 .text          0x00000000        0x0 build/obj_files/start.o
 .data          0x00000000        0x0 build/obj_files/start.o
 .group         0x00000000        0xc build/obj_files/syscalls.o
 .group         0x00000000        0xc build/obj_files/syscalls.o
 .group         0x00000000        0xc build/obj_files/syscalls.o
 .group         0x00000000        0xc build/obj_files/syscalls.o
 .group         0x00000000        0xc build/obj_files/syscalls.o
 .group         0x00000000        0xc build/obj_files/syscalls.o
 .group         0x00000000        0xc build/obj_files/syscalls.o
 .group         0x00000000        0xc build/obj_files/syscalls.o
 .group         0x00000000        0xc build/obj_files/syscalls.o
 .group         0x00000000        0xc build/obj_files/syscalls.o
 .group         0x00000000        0xc build/obj_files/syscalls.o
 .group         0x00000000        0xc build/obj_files/syscalls.o
 .group         0x00000000        0xc build/obj_files/syscalls.o
 .group         0x00000000        0xc build/obj_files/syscalls.o
 .group         0x00000000        0xc build/obj_files/syscalls.o
 .group         0x00000000        0xc build/obj_files/syscalls.o
 .group         0x00000000        0xc build/obj_files/syscalls.o
 .group         0x00000000        0xc build/obj_files/syscalls.o
 .group         0x00000000        0xc build/obj_files/syscalls.o
 .group         0x00000000        0xc build/obj_files/syscalls.o
 .group         0x00000000        0xc build/obj_files/syscalls.o
 .group         0x00000000        0xc build/obj_files/syscalls.o
 .group         0x00000000        0xc build/obj_files/syscalls.o
 .group         0x00000000        0xc build/obj_files/syscalls.o
 .group         0x00000000        0xc build/obj_files/syscalls.o
 .group         0x00000000        0xc build/obj_files/syscalls.o
 .group         0x00000000        0xc build/obj_files/syscalls.o
 .group         0x00000000        0xc build/obj_files/syscalls.o
 .group         0x00000000        0xc build/obj_files/syscalls.o
 .group         0x00000000        0xc build/obj_files/syscalls.o
 .group         0x00000000        0xc build/obj_files/syscalls.o
 .group         0x00000000        0xc build/obj_files/syscalls.o
 .group         0x00000000        0xc build/obj_files/syscalls.o
 .group         0x00000000        0xc build/obj_files/syscalls.o
 .group         0x00000000        0xc build/obj_files/syscalls.o
 .group         0x00000000        0xc build/obj_files/syscalls.o
 .text          0x00000000        0x0 build/obj_files/syscalls.o
 .data          0x00000000        0x0 build/obj_files/syscalls.o
 .bss           0x00000000        0x0 build/obj_files/syscalls.o
 .text._close   0x00000000       0x14 build/obj_files/syscalls.o
 .text._isatty  0x00000000        0x8 build/obj_files/syscalls.o
 .text._lseek   0x00000000       0x14 build/obj_files/syscalls.o
 .text._read    0x00000000       0x14 build/obj_files/syscalls.o
 .text._fstat   0x00000000       0x10 build/obj_files/syscalls.o
 .text._write   0x00000000        0x8 build/obj_files/syscalls.o
 .text._getpid  0x00000000        0x8 build/obj_files/syscalls.o
 .text._kill    0x00000000       0x14 build/obj_files/syscalls.o
 .debug_info    0x00000000      0x42b build/obj_files/syscalls.o
 .debug_abbrev  0x00000000      0x117 build/obj_files/syscalls.o
 .debug_loclists
                0x00000000       0xbb build/obj_files/syscalls.o
 .debug_aranges
                0x00000000       0x58 build/obj_files/syscalls.o
 .debug_rnglists
                0x00000000       0x3d build/obj_files/syscalls.o
 .debug_macro   0x00000000      0x1d2 build/obj_files/syscalls.o
 .debug_macro   0x00000000      0x7c6 build/obj_files/syscalls.o
 .debug_macro   0x00000000       0x10 build/obj_files/syscalls.o
 .debug_macro   0x00000000       0x22 build/obj_files/syscalls.o
 .debug_macro   0x00000000       0x68 build/obj_files/syscalls.o
 .debug_macro   0x00000000       0x19 build/obj_files/syscalls.o
 .debug_macro   0x00000000       0x94 build/obj_files/syscalls.o
 .debug_macro   0x00000000       0x3b build/obj_files/syscalls.o
 .debug_macro   0x00000000       0x34 build/obj_files/syscalls.o
 .debug_macro   0x00000000      0x190 build/obj_files/syscalls.o
 .debug_macro   0x00000000       0x57 build/obj_files/syscalls.o
 .debug_macro   0x00000000      0x370 build/obj_files/syscalls.o
 .debug_macro   0x00000000       0x16 build/obj_files/syscalls.o
 .debug_macro   0x00000000       0x4a build/obj_files/syscalls.o
 .debug_macro   0x00000000       0x34 build/obj_files/syscalls.o
 .debug_macro   0x00000000       0x10 build/obj_files/syscalls.o
 .debug_macro   0x00000000       0x58 build/obj_files/syscalls.o
 .debug_macro   0x00000000      0x1e5 build/obj_files/syscalls.o
 .debug_macro   0x00000000      0x23c build/obj_files/syscalls.o
 .debug_macro   0x00000000       0x10 build/obj_files/syscalls.o
 .debug_macro   0x00000000       0x3c build/obj_files/syscalls.o
 .debug_macro   0x00000000       0x10 build/obj_files/syscalls.o
 .debug_macro   0x00000000       0x10 build/obj_files/syscalls.o
 .debug_macro   0x00000000       0x10 build/obj_files/syscalls.o
 .debug_macro   0x00000000       0x6a build/obj_files/syscalls.o
 .debug_macro   0x00000000       0x1c build/obj_files/syscalls.o
 .debug_macro   0x00000000       0x52 build/obj_files/syscalls.o
 .debug_macro   0x00000000       0x22 build/obj_files/syscalls.o
 .debug_macro   0x00000000       0x10 build/obj_files/syscalls.o
 .debug_macro   0x00000000       0x52 build/obj_files/syscalls.o
 .debug_macro   0x00000000       0xcf build/obj_files/syscalls.o
 .debug_macro   0x00000000       0x1c build/obj_files/syscalls.o
 .debug_macro   0x00000000       0x3d build/obj_files/syscalls.o
 .debug_macro   0x00000000       0x35 build/obj_files/syscalls.o
 .debug_macro   0x00000000      0x12c build/obj_files/syscalls.o
 .debug_macro   0x00000000       0x16 build/obj_files/syscalls.o
 .debug_macro   0x00000000      0x51a build/obj_files/syscalls.o
 .debug_line    0x00000000      0x261 build/obj_files/syscalls.o
 .debug_str     0x00000000     0x7fdb build/obj_files/syscalls.o
 .debug_line_str
                0x00000000      0x386 build/obj_files/syscalls.o
 .comment       0x00000000       0x34 build/obj_files/syscalls.o
 .debug_frame   0x00000000       0x90 build/obj_files/syscalls.o
 .riscv.attributes
                0x00000000       0x3f build/obj_files/syscalls.o
 .text          0x00000000        0x0 /home/jzy/efinity/efinity-riscv-ide-2026.1/toolchain/bin/../lib/gcc/riscv-none-elf/13.4.0/../../../../riscv-none-elf/lib/rv32im/ilp32/libc.a(libc_a-reent.o)
 .data          0x00000000        0x0 /home/jzy/efinity/efinity-riscv-ide-2026.1/toolchain/bin/../lib/gcc/riscv-none-elf/13.4.0/../../../../riscv-none-elf/lib/rv32im/ilp32/libc.a(libc_a-reent.o)
 .bss           0x00000000        0x0 /home/jzy/efinity/efinity-riscv-ide-2026.1/toolchain/bin/../lib/gcc/riscv-none-elf/13.4.0/../../../../riscv-none-elf/lib/rv32im/ilp32/libc.a(libc_a-reent.o)
 .text._reclaim_reent
                0x00000000       0xfc /home/jzy/efinity/efinity-riscv-ide-2026.1/toolchain/bin/../lib/gcc/riscv-none-elf/13.4.0/../../../../riscv-none-elf/lib/rv32im/ilp32/libc.a(libc_a-reent.o)
 .sbss.errno    0x00000000        0x4 /home/jzy/efinity/efinity-riscv-ide-2026.1/toolchain/bin/../lib/gcc/riscv-none-elf/13.4.0/../../../../riscv-none-elf/lib/rv32im/ilp32/libc.a(libc_a-reent.o)
 .comment       0x00000000       0x34 /home/jzy/efinity/efinity-riscv-ide-2026.1/toolchain/bin/../lib/gcc/riscv-none-elf/13.4.0/../../../../riscv-none-elf/lib/rv32im/ilp32/libc.a(libc_a-reent.o)
 .riscv.attributes
                0x00000000       0x2a /home/jzy/efinity/efinity-riscv-ide-2026.1/toolchain/bin/../lib/gcc/riscv-none-elf/13.4.0/../../../../riscv-none-elf/lib/rv32im/ilp32/libc.a(libc_a-reent.o)
 .text          0x00000000        0x0 /home/jzy/efinity/efinity-riscv-ide-2026.1/toolchain/bin/../lib/gcc/riscv-none-elf/13.4.0/../../../../riscv-none-elf/lib/rv32im/ilp32/libc.a(libc_a-impure.o)
 .data          0x00000000        0x0 /home/jzy/efinity/efinity-riscv-ide-2026.1/toolchain/bin/../lib/gcc/riscv-none-elf/13.4.0/../../../../riscv-none-elf/lib/rv32im/ilp32/libc.a(libc_a-impure.o)
 .bss           0x00000000        0x0 /home/jzy/efinity/efinity-riscv-ide-2026.1/toolchain/bin/../lib/gcc/riscv-none-elf/13.4.0/../../../../riscv-none-elf/lib/rv32im/ilp32/libc.a(libc_a-impure.o)
 .sdata._impure_ptr
                0x00000000        0x4 /home/jzy/efinity/efinity-riscv-ide-2026.1/toolchain/bin/../lib/gcc/riscv-none-elf/13.4.0/../../../../riscv-none-elf/lib/rv32im/ilp32/libc.a(libc_a-impure.o)
 .data._impure_data
                0x00000000      0x140 /home/jzy/efinity/efinity-riscv-ide-2026.1/toolchain/bin/../lib/gcc/riscv-none-elf/13.4.0/../../../../riscv-none-elf/lib/rv32im/ilp32/libc.a(libc_a-impure.o)
 .comment       0x00000000       0x34 /home/jzy/efinity/efinity-riscv-ide-2026.1/toolchain/bin/../lib/gcc/riscv-none-elf/13.4.0/../../../../riscv-none-elf/lib/rv32im/ilp32/libc.a(libc_a-impure.o)
 .riscv.attributes
                0x00000000       0x2a /home/jzy/efinity/efinity-riscv-ide-2026.1/toolchain/bin/../lib/gcc/riscv-none-elf/13.4.0/../../../../riscv-none-elf/lib/rv32im/ilp32/libc.a(libc_a-impure.o)
 .text          0x00000000        0x0 /home/jzy/efinity/efinity-riscv-ide-2026.1/toolchain/bin/../lib/gcc/riscv-none-elf/13.4.0/../../../../riscv-none-elf/lib/rv32im/ilp32/libc.a(libc_a-init.o)
 .data          0x00000000        0x0 /home/jzy/efinity/efinity-riscv-ide-2026.1/toolchain/bin/../lib/gcc/riscv-none-elf/13.4.0/../../../../riscv-none-elf/lib/rv32im/ilp32/libc.a(libc_a-init.o)
 .bss           0x00000000        0x0 /home/jzy/efinity/efinity-riscv-ide-2026.1/toolchain/bin/../lib/gcc/riscv-none-elf/13.4.0/../../../../riscv-none-elf/lib/rv32im/ilp32/libc.a(libc_a-init.o)
 .text          0x00000000        0x0 /home/jzy/efinity/efinity-riscv-ide-2026.1/toolchain/bin/../lib/gcc/riscv-none-elf/13.4.0/../../../../riscv-none-elf/lib/rv32im/ilp32/libc.a(libc_a-freer.o)
 .data          0x00000000        0x0 /home/jzy/efinity/efinity-riscv-ide-2026.1/toolchain/bin/../lib/gcc/riscv-none-elf/13.4.0/../../../../riscv-none-elf/lib/rv32im/ilp32/libc.a(libc_a-freer.o)
 .bss           0x00000000        0x0 /home/jzy/efinity/efinity-riscv-ide-2026.1/toolchain/bin/../lib/gcc/riscv-none-elf/13.4.0/../../../../riscv-none-elf/lib/rv32im/ilp32/libc.a(libc_a-freer.o)
 .text._malloc_trim_r
                0x00000000      0x15c /home/jzy/efinity/efinity-riscv-ide-2026.1/toolchain/bin/../lib/gcc/riscv-none-elf/13.4.0/../../../../riscv-none-elf/lib/rv32im/ilp32/libc.a(libc_a-freer.o)
 .text._free_r  0x00000000      0x31c /home/jzy/efinity/efinity-riscv-ide-2026.1/toolchain/bin/../lib/gcc/riscv-none-elf/13.4.0/../../../../riscv-none-elf/lib/rv32im/ilp32/libc.a(libc_a-freer.o)
 .comment       0x00000000       0x34 /home/jzy/efinity/efinity-riscv-ide-2026.1/toolchain/bin/../lib/gcc/riscv-none-elf/13.4.0/../../../../riscv-none-elf/lib/rv32im/ilp32/libc.a(libc_a-freer.o)
 .riscv.attributes
                0x00000000       0x2a /home/jzy/efinity/efinity-riscv-ide-2026.1/toolchain/bin/../lib/gcc/riscv-none-elf/13.4.0/../../../../riscv-none-elf/lib/rv32im/ilp32/libc.a(libc_a-freer.o)
 .text          0x00000000        0x0 /home/jzy/efinity/efinity-riscv-ide-2026.1/toolchain/bin/../lib/gcc/riscv-none-elf/13.4.0/../../../../riscv-none-elf/lib/rv32im/ilp32/libc.a(libc_a-mallocr.o)
 .data          0x00000000        0x0 /home/jzy/efinity/efinity-riscv-ide-2026.1/toolchain/bin/../lib/gcc/riscv-none-elf/13.4.0/../../../../riscv-none-elf/lib/rv32im/ilp32/libc.a(libc_a-mallocr.o)
 .bss           0x00000000        0x0 /home/jzy/efinity/efinity-riscv-ide-2026.1/toolchain/bin/../lib/gcc/riscv-none-elf/13.4.0/../../../../riscv-none-elf/lib/rv32im/ilp32/libc.a(libc_a-mallocr.o)
 .text._malloc_r
                0x00000000      0x810 /home/jzy/efinity/efinity-riscv-ide-2026.1/toolchain/bin/../lib/gcc/riscv-none-elf/13.4.0/../../../../riscv-none-elf/lib/rv32im/ilp32/libc.a(libc_a-mallocr.o)
 .bss.__malloc_current_mallinfo
                0x00000000       0x28 /home/jzy/efinity/efinity-riscv-ide-2026.1/toolchain/bin/../lib/gcc/riscv-none-elf/13.4.0/../../../../riscv-none-elf/lib/rv32im/ilp32/libc.a(libc_a-mallocr.o)
 .sbss.__malloc_max_total_mem
                0x00000000        0x4 /home/jzy/efinity/efinity-riscv-ide-2026.1/toolchain/bin/../lib/gcc/riscv-none-elf/13.4.0/../../../../riscv-none-elf/lib/rv32im/ilp32/libc.a(libc_a-mallocr.o)
 .sbss.__malloc_max_sbrked_mem
                0x00000000        0x4 /home/jzy/efinity/efinity-riscv-ide-2026.1/toolchain/bin/../lib/gcc/riscv-none-elf/13.4.0/../../../../riscv-none-elf/lib/rv32im/ilp32/libc.a(libc_a-mallocr.o)
 .sdata.__malloc_sbrk_base
                0x00000000        0x4 /home/jzy/efinity/efinity-riscv-ide-2026.1/toolchain/bin/../lib/gcc/riscv-none-elf/13.4.0/../../../../riscv-none-elf/lib/rv32im/ilp32/libc.a(libc_a-mallocr.o)
 .sbss.__malloc_top_pad
                0x00000000        0x4 /home/jzy/efinity/efinity-riscv-ide-2026.1/toolchain/bin/../lib/gcc/riscv-none-elf/13.4.0/../../../../riscv-none-elf/lib/rv32im/ilp32/libc.a(libc_a-mallocr.o)
 .sdata.__malloc_trim_threshold
                0x00000000        0x4 /home/jzy/efinity/efinity-riscv-ide-2026.1/toolchain/bin/../lib/gcc/riscv-none-elf/13.4.0/../../../../riscv-none-elf/lib/rv32im/ilp32/libc.a(libc_a-mallocr.o)
 .data.__malloc_av_
                0x00000000      0x408 /home/jzy/efinity/efinity-riscv-ide-2026.1/toolchain/bin/../lib/gcc/riscv-none-elf/13.4.0/../../../../riscv-none-elf/lib/rv32im/ilp32/libc.a(libc_a-mallocr.o)
 .comment       0x00000000       0x34 /home/jzy/efinity/efinity-riscv-ide-2026.1/toolchain/bin/../lib/gcc/riscv-none-elf/13.4.0/../../../../riscv-none-elf/lib/rv32im/ilp32/libc.a(libc_a-mallocr.o)
 .riscv.attributes
                0x00000000       0x2a /home/jzy/efinity/efinity-riscv-ide-2026.1/toolchain/bin/../lib/gcc/riscv-none-elf/13.4.0/../../../../riscv-none-elf/lib/rv32im/ilp32/libc.a(libc_a-mallocr.o)
 .text          0x00000000        0x0 /home/jzy/efinity/efinity-riscv-ide-2026.1/toolchain/bin/../lib/gcc/riscv-none-elf/13.4.0/../../../../riscv-none-elf/lib/rv32im/ilp32/libc.a(libc_a-mlock.o)
 .data          0x00000000        0x0 /home/jzy/efinity/efinity-riscv-ide-2026.1/toolchain/bin/../lib/gcc/riscv-none-elf/13.4.0/../../../../riscv-none-elf/lib/rv32im/ilp32/libc.a(libc_a-mlock.o)
 .bss           0x00000000        0x0 /home/jzy/efinity/efinity-riscv-ide-2026.1/toolchain/bin/../lib/gcc/riscv-none-elf/13.4.0/../../../../riscv-none-elf/lib/rv32im/ilp32/libc.a(libc_a-mlock.o)
 .text.__malloc_lock
                0x00000000       0x10 /home/jzy/efinity/efinity-riscv-ide-2026.1/toolchain/bin/../lib/gcc/riscv-none-elf/13.4.0/../../../../riscv-none-elf/lib/rv32im/ilp32/libc.a(libc_a-mlock.o)
 .text.__malloc_unlock
                0x00000000       0x10 /home/jzy/efinity/efinity-riscv-ide-2026.1/toolchain/bin/../lib/gcc/riscv-none-elf/13.4.0/../../../../riscv-none-elf/lib/rv32im/ilp32/libc.a(libc_a-mlock.o)
 .comment       0x00000000       0x34 /home/jzy/efinity/efinity-riscv-ide-2026.1/toolchain/bin/../lib/gcc/riscv-none-elf/13.4.0/../../../../riscv-none-elf/lib/rv32im/ilp32/libc.a(libc_a-mlock.o)
 .riscv.attributes
                0x00000000       0x2a /home/jzy/efinity/efinity-riscv-ide-2026.1/toolchain/bin/../lib/gcc/riscv-none-elf/13.4.0/../../../../riscv-none-elf/lib/rv32im/ilp32/libc.a(libc_a-mlock.o)
 .text          0x00000000        0x0 /home/jzy/efinity/efinity-riscv-ide-2026.1/toolchain/bin/../lib/gcc/riscv-none-elf/13.4.0/../../../../riscv-none-elf/lib/rv32im/ilp32/libc.a(libc_a-findfp.o)
 .data          0x00000000        0x0 /home/jzy/efinity/efinity-riscv-ide-2026.1/toolchain/bin/../lib/gcc/riscv-none-elf/13.4.0/../../../../riscv-none-elf/lib/rv32im/ilp32/libc.a(libc_a-findfp.o)
 .bss           0x00000000        0x0 /home/jzy/efinity/efinity-riscv-ide-2026.1/toolchain/bin/../lib/gcc/riscv-none-elf/13.4.0/../../../../riscv-none-elf/lib/rv32im/ilp32/libc.a(libc_a-findfp.o)
 .text.stdio_exit_handler
                0x00000000       0x20 /home/jzy/efinity/efinity-riscv-ide-2026.1/toolchain/bin/../lib/gcc/riscv-none-elf/13.4.0/../../../../riscv-none-elf/lib/rv32im/ilp32/libc.a(libc_a-findfp.o)
 .text.cleanup_stdio
                0x00000000       0x7c /home/jzy/efinity/efinity-riscv-ide-2026.1/toolchain/bin/../lib/gcc/riscv-none-elf/13.4.0/../../../../riscv-none-elf/lib/rv32im/ilp32/libc.a(libc_a-findfp.o)
 .text.__fp_lock
                0x00000000       0x44 /home/jzy/efinity/efinity-riscv-ide-2026.1/toolchain/bin/../lib/gcc/riscv-none-elf/13.4.0/../../../../riscv-none-elf/lib/rv32im/ilp32/libc.a(libc_a-findfp.o)
 .text.__fp_unlock
                0x00000000       0x44 /home/jzy/efinity/efinity-riscv-ide-2026.1/toolchain/bin/../lib/gcc/riscv-none-elf/13.4.0/../../../../riscv-none-elf/lib/rv32im/ilp32/libc.a(libc_a-findfp.o)
 .text.global_stdio_init.part.0
                0x00000000      0x1a8 /home/jzy/efinity/efinity-riscv-ide-2026.1/toolchain/bin/../lib/gcc/riscv-none-elf/13.4.0/../../../../riscv-none-elf/lib/rv32im/ilp32/libc.a(libc_a-findfp.o)
 .text.__sfp    0x00000000      0x178 /home/jzy/efinity/efinity-riscv-ide-2026.1/toolchain/bin/../lib/gcc/riscv-none-elf/13.4.0/../../../../riscv-none-elf/lib/rv32im/ilp32/libc.a(libc_a-findfp.o)
 .text.__sinit  0x00000000       0x80 /home/jzy/efinity/efinity-riscv-ide-2026.1/toolchain/bin/../lib/gcc/riscv-none-elf/13.4.0/../../../../riscv-none-elf/lib/rv32im/ilp32/libc.a(libc_a-findfp.o)
 .text.__sfp_lock_acquire
                0x00000000       0x10 /home/jzy/efinity/efinity-riscv-ide-2026.1/toolchain/bin/../lib/gcc/riscv-none-elf/13.4.0/../../../../riscv-none-elf/lib/rv32im/ilp32/libc.a(libc_a-findfp.o)
 .text.__sfp_lock_release
                0x00000000       0x10 /home/jzy/efinity/efinity-riscv-ide-2026.1/toolchain/bin/../lib/gcc/riscv-none-elf/13.4.0/../../../../riscv-none-elf/lib/rv32im/ilp32/libc.a(libc_a-findfp.o)
 .text.__fp_lock_all
                0x00000000       0x3c /home/jzy/efinity/efinity-riscv-ide-2026.1/toolchain/bin/../lib/gcc/riscv-none-elf/13.4.0/../../../../riscv-none-elf/lib/rv32im/ilp32/libc.a(libc_a-findfp.o)
 .text.__fp_unlock_all
                0x00000000       0x3c /home/jzy/efinity/efinity-riscv-ide-2026.1/toolchain/bin/../lib/gcc/riscv-none-elf/13.4.0/../../../../riscv-none-elf/lib/rv32im/ilp32/libc.a(libc_a-findfp.o)
 .data.__sglue  0x00000000        0xc /home/jzy/efinity/efinity-riscv-ide-2026.1/toolchain/bin/../lib/gcc/riscv-none-elf/13.4.0/../../../../riscv-none-elf/lib/rv32im/ilp32/libc.a(libc_a-findfp.o)
 .bss.__sf      0x00000000      0x138 /home/jzy/efinity/efinity-riscv-ide-2026.1/toolchain/bin/../lib/gcc/riscv-none-elf/13.4.0/../../../../riscv-none-elf/lib/rv32im/ilp32/libc.a(libc_a-findfp.o)
 .sbss.__stdio_exit_handler
                0x00000000        0x4 /home/jzy/efinity/efinity-riscv-ide-2026.1/toolchain/bin/../lib/gcc/riscv-none-elf/13.4.0/../../../../riscv-none-elf/lib/rv32im/ilp32/libc.a(libc_a-findfp.o)
 .comment       0x00000000       0x34 /home/jzy/efinity/efinity-riscv-ide-2026.1/toolchain/bin/../lib/gcc/riscv-none-elf/13.4.0/../../../../riscv-none-elf/lib/rv32im/ilp32/libc.a(libc_a-findfp.o)
 .riscv.attributes
                0x00000000       0x2a /home/jzy/efinity/efinity-riscv-ide-2026.1/toolchain/bin/../lib/gcc/riscv-none-elf/13.4.0/../../../../riscv-none-elf/lib/rv32im/ilp32/libc.a(libc_a-findfp.o)
 .text          0x00000000        0x0 /home/jzy/efinity/efinity-riscv-ide-2026.1/toolchain/bin/../lib/gcc/riscv-none-elf/13.4.0/../../../../riscv-none-elf/lib/rv32im/ilp32/libc.a(libc_a-fwalk.o)
 .data          0x00000000        0x0 /home/jzy/efinity/efinity-riscv-ide-2026.1/toolchain/bin/../lib/gcc/riscv-none-elf/13.4.0/../../../../riscv-none-elf/lib/rv32im/ilp32/libc.a(libc_a-fwalk.o)
 .bss           0x00000000        0x0 /home/jzy/efinity/efinity-riscv-ide-2026.1/toolchain/bin/../lib/gcc/riscv-none-elf/13.4.0/../../../../riscv-none-elf/lib/rv32im/ilp32/libc.a(libc_a-fwalk.o)
 .text._fwalk_sglue
                0x00000000       0xb4 /home/jzy/efinity/efinity-riscv-ide-2026.1/toolchain/bin/../lib/gcc/riscv-none-elf/13.4.0/../../../../riscv-none-elf/lib/rv32im/ilp32/libc.a(libc_a-fwalk.o)
 .comment       0x00000000       0x34 /home/jzy/efinity/efinity-riscv-ide-2026.1/toolchain/bin/../lib/gcc/riscv-none-elf/13.4.0/../../../../riscv-none-elf/lib/rv32im/ilp32/libc.a(libc_a-fwalk.o)
 .riscv.attributes
                0x00000000       0x2a /home/jzy/efinity/efinity-riscv-ide-2026.1/toolchain/bin/../lib/gcc/riscv-none-elf/13.4.0/../../../../riscv-none-elf/lib/rv32im/ilp32/libc.a(libc_a-fwalk.o)
 .text          0x00000000        0x0 /home/jzy/efinity/efinity-riscv-ide-2026.1/toolchain/bin/../lib/gcc/riscv-none-elf/13.4.0/../../../../riscv-none-elf/lib/rv32im/ilp32/libc.a(libc_a-stdio.o)
 .data          0x00000000        0x0 /home/jzy/efinity/efinity-riscv-ide-2026.1/toolchain/bin/../lib/gcc/riscv-none-elf/13.4.0/../../../../riscv-none-elf/lib/rv32im/ilp32/libc.a(libc_a-stdio.o)
 .bss           0x00000000        0x0 /home/jzy/efinity/efinity-riscv-ide-2026.1/toolchain/bin/../lib/gcc/riscv-none-elf/13.4.0/../../../../riscv-none-elf/lib/rv32im/ilp32/libc.a(libc_a-stdio.o)
 .text.__sread  0x00000000       0x60 /home/jzy/efinity/efinity-riscv-ide-2026.1/toolchain/bin/../lib/gcc/riscv-none-elf/13.4.0/../../../../riscv-none-elf/lib/rv32im/ilp32/libc.a(libc_a-stdio.o)
 .text.__seofread
                0x00000000        0x8 /home/jzy/efinity/efinity-riscv-ide-2026.1/toolchain/bin/../lib/gcc/riscv-none-elf/13.4.0/../../../../riscv-none-elf/lib/rv32im/ilp32/libc.a(libc_a-stdio.o)
 .text.__swrite
                0x00000000       0x90 /home/jzy/efinity/efinity-riscv-ide-2026.1/toolchain/bin/../lib/gcc/riscv-none-elf/13.4.0/../../../../riscv-none-elf/lib/rv32im/ilp32/libc.a(libc_a-stdio.o)
 .text.__sseek  0x00000000       0x7c /home/jzy/efinity/efinity-riscv-ide-2026.1/toolchain/bin/../lib/gcc/riscv-none-elf/13.4.0/../../../../riscv-none-elf/lib/rv32im/ilp32/libc.a(libc_a-stdio.o)
 .text.__sclose
                0x00000000        0xc /home/jzy/efinity/efinity-riscv-ide-2026.1/toolchain/bin/../lib/gcc/riscv-none-elf/13.4.0/../../../../riscv-none-elf/lib/rv32im/ilp32/libc.a(libc_a-stdio.o)
 .comment       0x00000000       0x34 /home/jzy/efinity/efinity-riscv-ide-2026.1/toolchain/bin/../lib/gcc/riscv-none-elf/13.4.0/../../../../riscv-none-elf/lib/rv32im/ilp32/libc.a(libc_a-stdio.o)
 .riscv.attributes
                0x00000000       0x2a /home/jzy/efinity/efinity-riscv-ide-2026.1/toolchain/bin/../lib/gcc/riscv-none-elf/13.4.0/../../../../riscv-none-elf/lib/rv32im/ilp32/libc.a(libc_a-stdio.o)
 .text          0x00000000        0x0 /home/jzy/efinity/efinity-riscv-ide-2026.1/toolchain/bin/../lib/gcc/riscv-none-elf/13.4.0/../../../../riscv-none-elf/lib/rv32im/ilp32/libc.a(libc_a-closer.o)
 .data          0x00000000        0x0 /home/jzy/efinity/efinity-riscv-ide-2026.1/toolchain/bin/../lib/gcc/riscv-none-elf/13.4.0/../../../../riscv-none-elf/lib/rv32im/ilp32/libc.a(libc_a-closer.o)
 .bss           0x00000000        0x0 /home/jzy/efinity/efinity-riscv-ide-2026.1/toolchain/bin/../lib/gcc/riscv-none-elf/13.4.0/../../../../riscv-none-elf/lib/rv32im/ilp32/libc.a(libc_a-closer.o)
 .text._close_r
                0x00000000       0x5c /home/jzy/efinity/efinity-riscv-ide-2026.1/toolchain/bin/../lib/gcc/riscv-none-elf/13.4.0/../../../../riscv-none-elf/lib/rv32im/ilp32/libc.a(libc_a-closer.o)
 .comment       0x00000000       0x34 /home/jzy/efinity/efinity-riscv-ide-2026.1/toolchain/bin/../lib/gcc/riscv-none-elf/13.4.0/../../../../riscv-none-elf/lib/rv32im/ilp32/libc.a(libc_a-closer.o)
 .riscv.attributes
                0x00000000       0x2a /home/jzy/efinity/efinity-riscv-ide-2026.1/toolchain/bin/../lib/gcc/riscv-none-elf/13.4.0/../../../../riscv-none-elf/lib/rv32im/ilp32/libc.a(libc_a-closer.o)
 .text          0x00000000        0x0 /home/jzy/efinity/efinity-riscv-ide-2026.1/toolchain/bin/../lib/gcc/riscv-none-elf/13.4.0/../../../../riscv-none-elf/lib/rv32im/ilp32/libc.a(libc_a-lseekr.o)
 .data          0x00000000        0x0 /home/jzy/efinity/efinity-riscv-ide-2026.1/toolchain/bin/../lib/gcc/riscv-none-elf/13.4.0/../../../../riscv-none-elf/lib/rv32im/ilp32/libc.a(libc_a-lseekr.o)
 .bss           0x00000000        0x0 /home/jzy/efinity/efinity-riscv-ide-2026.1/toolchain/bin/../lib/gcc/riscv-none-elf/13.4.0/../../../../riscv-none-elf/lib/rv32im/ilp32/libc.a(libc_a-lseekr.o)
 .text._lseek_r
                0x00000000       0x68 /home/jzy/efinity/efinity-riscv-ide-2026.1/toolchain/bin/../lib/gcc/riscv-none-elf/13.4.0/../../../../riscv-none-elf/lib/rv32im/ilp32/libc.a(libc_a-lseekr.o)
 .comment       0x00000000       0x34 /home/jzy/efinity/efinity-riscv-ide-2026.1/toolchain/bin/../lib/gcc/riscv-none-elf/13.4.0/../../../../riscv-none-elf/lib/rv32im/ilp32/libc.a(libc_a-lseekr.o)
 .riscv.attributes
                0x00000000       0x2a /home/jzy/efinity/efinity-riscv-ide-2026.1/toolchain/bin/../lib/gcc/riscv-none-elf/13.4.0/../../../../riscv-none-elf/lib/rv32im/ilp32/libc.a(libc_a-lseekr.o)
 .text          0x00000000        0x0 /home/jzy/efinity/efinity-riscv-ide-2026.1/toolchain/bin/../lib/gcc/riscv-none-elf/13.4.0/../../../../riscv-none-elf/lib/rv32im/ilp32/libc.a(libc_a-readr.o)
 .data          0x00000000        0x0 /home/jzy/efinity/efinity-riscv-ide-2026.1/toolchain/bin/../lib/gcc/riscv-none-elf/13.4.0/../../../../riscv-none-elf/lib/rv32im/ilp32/libc.a(libc_a-readr.o)
 .bss           0x00000000        0x0 /home/jzy/efinity/efinity-riscv-ide-2026.1/toolchain/bin/../lib/gcc/riscv-none-elf/13.4.0/../../../../riscv-none-elf/lib/rv32im/ilp32/libc.a(libc_a-readr.o)
 .text._read_r  0x00000000       0x68 /home/jzy/efinity/efinity-riscv-ide-2026.1/toolchain/bin/../lib/gcc/riscv-none-elf/13.4.0/../../../../riscv-none-elf/lib/rv32im/ilp32/libc.a(libc_a-readr.o)
 .comment       0x00000000       0x34 /home/jzy/efinity/efinity-riscv-ide-2026.1/toolchain/bin/../lib/gcc/riscv-none-elf/13.4.0/../../../../riscv-none-elf/lib/rv32im/ilp32/libc.a(libc_a-readr.o)
 .riscv.attributes
                0x00000000       0x2a /home/jzy/efinity/efinity-riscv-ide-2026.1/toolchain/bin/../lib/gcc/riscv-none-elf/13.4.0/../../../../riscv-none-elf/lib/rv32im/ilp32/libc.a(libc_a-readr.o)
 .text          0x00000000        0x0 /home/jzy/efinity/efinity-riscv-ide-2026.1/toolchain/bin/../lib/gcc/riscv-none-elf/13.4.0/../../../../riscv-none-elf/lib/rv32im/ilp32/libc.a(libc_a-sbrkr.o)
 .data          0x00000000        0x0 /home/jzy/efinity/efinity-riscv-ide-2026.1/toolchain/bin/../lib/gcc/riscv-none-elf/13.4.0/../../../../riscv-none-elf/lib/rv32im/ilp32/libc.a(libc_a-sbrkr.o)
 .bss           0x00000000        0x0 /home/jzy/efinity/efinity-riscv-ide-2026.1/toolchain/bin/../lib/gcc/riscv-none-elf/13.4.0/../../../../riscv-none-elf/lib/rv32im/ilp32/libc.a(libc_a-sbrkr.o)
 .text._sbrk_r  0x00000000       0x5c /home/jzy/efinity/efinity-riscv-ide-2026.1/toolchain/bin/../lib/gcc/riscv-none-elf/13.4.0/../../../../riscv-none-elf/lib/rv32im/ilp32/libc.a(libc_a-sbrkr.o)
 .comment       0x00000000       0x34 /home/jzy/efinity/efinity-riscv-ide-2026.1/toolchain/bin/../lib/gcc/riscv-none-elf/13.4.0/../../../../riscv-none-elf/lib/rv32im/ilp32/libc.a(libc_a-sbrkr.o)
 .riscv.attributes
                0x00000000       0x2a /home/jzy/efinity/efinity-riscv-ide-2026.1/toolchain/bin/../lib/gcc/riscv-none-elf/13.4.0/../../../../riscv-none-elf/lib/rv32im/ilp32/libc.a(libc_a-sbrkr.o)
 .text          0x00000000        0x0 /home/jzy/efinity/efinity-riscv-ide-2026.1/toolchain/bin/../lib/gcc/riscv-none-elf/13.4.0/../../../../riscv-none-elf/lib/rv32im/ilp32/libc.a(libc_a-writer.o)
 .data          0x00000000        0x0 /home/jzy/efinity/efinity-riscv-ide-2026.1/toolchain/bin/../lib/gcc/riscv-none-elf/13.4.0/../../../../riscv-none-elf/lib/rv32im/ilp32/libc.a(libc_a-writer.o)
 .bss           0x00000000        0x0 /home/jzy/efinity/efinity-riscv-ide-2026.1/toolchain/bin/../lib/gcc/riscv-none-elf/13.4.0/../../../../riscv-none-elf/lib/rv32im/ilp32/libc.a(libc_a-writer.o)
 .text._write_r
                0x00000000       0x68 /home/jzy/efinity/efinity-riscv-ide-2026.1/toolchain/bin/../lib/gcc/riscv-none-elf/13.4.0/../../../../riscv-none-elf/lib/rv32im/ilp32/libc.a(libc_a-writer.o)
 .comment       0x00000000       0x34 /home/jzy/efinity/efinity-riscv-ide-2026.1/toolchain/bin/../lib/gcc/riscv-none-elf/13.4.0/../../../../riscv-none-elf/lib/rv32im/ilp32/libc.a(libc_a-writer.o)
 .riscv.attributes
                0x00000000       0x2a /home/jzy/efinity/efinity-riscv-ide-2026.1/toolchain/bin/../lib/gcc/riscv-none-elf/13.4.0/../../../../riscv-none-elf/lib/rv32im/ilp32/libc.a(libc_a-writer.o)
 .text          0x00000000        0x0 /home/jzy/efinity/efinity-riscv-ide-2026.1/toolchain/bin/../lib/gcc/riscv-none-elf/13.4.0/../../../../riscv-none-elf/lib/rv32im/ilp32/libc.a(libc_a-lock.o)
 .data          0x00000000        0x0 /home/jzy/efinity/efinity-riscv-ide-2026.1/toolchain/bin/../lib/gcc/riscv-none-elf/13.4.0/../../../../riscv-none-elf/lib/rv32im/ilp32/libc.a(libc_a-lock.o)
 .bss           0x00000000        0x0 /home/jzy/efinity/efinity-riscv-ide-2026.1/toolchain/bin/../lib/gcc/riscv-none-elf/13.4.0/../../../../riscv-none-elf/lib/rv32im/ilp32/libc.a(libc_a-lock.o)
 .text.__retarget_lock_init
                0x00000000        0x4 /home/jzy/efinity/efinity-riscv-ide-2026.1/toolchain/bin/../lib/gcc/riscv-none-elf/13.4.0/../../../../riscv-none-elf/lib/rv32im/ilp32/libc.a(libc_a-lock.o)
 .text.__retarget_lock_init_recursive
                0x00000000        0x4 /home/jzy/efinity/efinity-riscv-ide-2026.1/toolchain/bin/../lib/gcc/riscv-none-elf/13.4.0/../../../../riscv-none-elf/lib/rv32im/ilp32/libc.a(libc_a-lock.o)
 .text.__retarget_lock_close
                0x00000000        0x4 /home/jzy/efinity/efinity-riscv-ide-2026.1/toolchain/bin/../lib/gcc/riscv-none-elf/13.4.0/../../../../riscv-none-elf/lib/rv32im/ilp32/libc.a(libc_a-lock.o)
 .text.__retarget_lock_close_recursive
                0x00000000        0x4 /home/jzy/efinity/efinity-riscv-ide-2026.1/toolchain/bin/../lib/gcc/riscv-none-elf/13.4.0/../../../../riscv-none-elf/lib/rv32im/ilp32/libc.a(libc_a-lock.o)
 .text.__retarget_lock_acquire
                0x00000000        0x4 /home/jzy/efinity/efinity-riscv-ide-2026.1/toolchain/bin/../lib/gcc/riscv-none-elf/13.4.0/../../../../riscv-none-elf/lib/rv32im/ilp32/libc.a(libc_a-lock.o)
 .text.__retarget_lock_acquire_recursive
                0x00000000        0x4 /home/jzy/efinity/efinity-riscv-ide-2026.1/toolchain/bin/../lib/gcc/riscv-none-elf/13.4.0/../../../../riscv-none-elf/lib/rv32im/ilp32/libc.a(libc_a-lock.o)
 .text.__retarget_lock_try_acquire
                0x00000000        0x8 /home/jzy/efinity/efinity-riscv-ide-2026.1/toolchain/bin/../lib/gcc/riscv-none-elf/13.4.0/../../../../riscv-none-elf/lib/rv32im/ilp32/libc.a(libc_a-lock.o)
 .text.__retarget_lock_try_acquire_recursive
                0x00000000        0x8 /home/jzy/efinity/efinity-riscv-ide-2026.1/toolchain/bin/../lib/gcc/riscv-none-elf/13.4.0/../../../../riscv-none-elf/lib/rv32im/ilp32/libc.a(libc_a-lock.o)
 .text.__retarget_lock_release
                0x00000000        0x4 /home/jzy/efinity/efinity-riscv-ide-2026.1/toolchain/bin/../lib/gcc/riscv-none-elf/13.4.0/../../../../riscv-none-elf/lib/rv32im/ilp32/libc.a(libc_a-lock.o)
 .text.__retarget_lock_release_recursive
                0x00000000        0x4 /home/jzy/efinity/efinity-riscv-ide-2026.1/toolchain/bin/../lib/gcc/riscv-none-elf/13.4.0/../../../../riscv-none-elf/lib/rv32im/ilp32/libc.a(libc_a-lock.o)
 .sbss.__lock___arc4random_mutex
                0x00000000        0x1 /home/jzy/efinity/efinity-riscv-ide-2026.1/toolchain/bin/../lib/gcc/riscv-none-elf/13.4.0/../../../../riscv-none-elf/lib/rv32im/ilp32/libc.a(libc_a-lock.o)
 .sbss.__lock___dd_hash_mutex
                0x00000000        0x1 /home/jzy/efinity/efinity-riscv-ide-2026.1/toolchain/bin/../lib/gcc/riscv-none-elf/13.4.0/../../../../riscv-none-elf/lib/rv32im/ilp32/libc.a(libc_a-lock.o)
 .sbss.__lock___tz_mutex
                0x00000000        0x1 /home/jzy/efinity/efinity-riscv-ide-2026.1/toolchain/bin/../lib/gcc/riscv-none-elf/13.4.0/../../../../riscv-none-elf/lib/rv32im/ilp32/libc.a(libc_a-lock.o)
 .sbss.__lock___env_recursive_mutex
                0x00000000        0x1 /home/jzy/efinity/efinity-riscv-ide-2026.1/toolchain/bin/../lib/gcc/riscv-none-elf/13.4.0/../../../../riscv-none-elf/lib/rv32im/ilp32/libc.a(libc_a-lock.o)
 .sbss.__lock___malloc_recursive_mutex
                0x00000000        0x1 /home/jzy/efinity/efinity-riscv-ide-2026.1/toolchain/bin/../lib/gcc/riscv-none-elf/13.4.0/../../../../riscv-none-elf/lib/rv32im/ilp32/libc.a(libc_a-lock.o)
 .sbss.__lock___at_quick_exit_mutex
                0x00000000        0x1 /home/jzy/efinity/efinity-riscv-ide-2026.1/toolchain/bin/../lib/gcc/riscv-none-elf/13.4.0/../../../../riscv-none-elf/lib/rv32im/ilp32/libc.a(libc_a-lock.o)
 .sbss.__lock___atexit_recursive_mutex
                0x00000000        0x1 /home/jzy/efinity/efinity-riscv-ide-2026.1/toolchain/bin/../lib/gcc/riscv-none-elf/13.4.0/../../../../riscv-none-elf/lib/rv32im/ilp32/libc.a(libc_a-lock.o)
 .sbss.__lock___sfp_recursive_mutex
                0x00000000        0x1 /home/jzy/efinity/efinity-riscv-ide-2026.1/toolchain/bin/../lib/gcc/riscv-none-elf/13.4.0/../../../../riscv-none-elf/lib/rv32im/ilp32/libc.a(libc_a-lock.o)
 .comment       0x00000000       0x34 /home/jzy/efinity/efinity-riscv-ide-2026.1/toolchain/bin/../lib/gcc/riscv-none-elf/13.4.0/../../../../riscv-none-elf/lib/rv32im/ilp32/libc.a(libc_a-lock.o)
 .riscv.attributes
                0x00000000       0x2a /home/jzy/efinity/efinity-riscv-ide-2026.1/toolchain/bin/../lib/gcc/riscv-none-elf/13.4.0/../../../../riscv-none-elf/lib/rv32im/ilp32/libc.a(libc_a-lock.o)
 .text          0x00000000       0xdc /home/jzy/efinity/efinity-riscv-ide-2026.1/toolchain/bin/../lib/gcc/riscv-none-elf/13.4.0/../../../../riscv-none-elf/lib/rv32im/ilp32/libc.a(libc_a-memset.o)
 .data          0x00000000        0x0 /home/jzy/efinity/efinity-riscv-ide-2026.1/toolchain/bin/../lib/gcc/riscv-none-elf/13.4.0/../../../../riscv-none-elf/lib/rv32im/ilp32/libc.a(libc_a-memset.o)
 .bss           0x00000000        0x0 /home/jzy/efinity/efinity-riscv-ide-2026.1/toolchain/bin/../lib/gcc/riscv-none-elf/13.4.0/../../../../riscv-none-elf/lib/rv32im/ilp32/libc.a(libc_a-memset.o)
 .riscv.attributes
                0x00000000       0x28 /home/jzy/efinity/efinity-riscv-ide-2026.1/toolchain/bin/../lib/gcc/riscv-none-elf/13.4.0/../../../../riscv-none-elf/lib/rv32im/ilp32/libc.a(libc_a-memset.o)
 .text          0x00000000        0x0 /home/jzy/efinity/efinity-riscv-ide-2026.1/toolchain/bin/../lib/gcc/riscv-none-elf/13.4.0/../../../../riscv-none-elf/lib/rv32im/ilp32/libc.a(libc_a-fclose.o)
 .data          0x00000000        0x0 /home/jzy/efinity/efinity-riscv-ide-2026.1/toolchain/bin/../lib/gcc/riscv-none-elf/13.4.0/../../../../riscv-none-elf/lib/rv32im/ilp32/libc.a(libc_a-fclose.o)
 .bss           0x00000000        0x0 /home/jzy/efinity/efinity-riscv-ide-2026.1/toolchain/bin/../lib/gcc/riscv-none-elf/13.4.0/../../../../riscv-none-elf/lib/rv32im/ilp32/libc.a(libc_a-fclose.o)
 .text._fclose_r
                0x00000000      0x19c /home/jzy/efinity/efinity-riscv-ide-2026.1/toolchain/bin/../lib/gcc/riscv-none-elf/13.4.0/../../../../riscv-none-elf/lib/rv32im/ilp32/libc.a(libc_a-fclose.o)
 .text.fclose   0x00000000       0x14 /home/jzy/efinity/efinity-riscv-ide-2026.1/toolchain/bin/../lib/gcc/riscv-none-elf/13.4.0/../../../../riscv-none-elf/lib/rv32im/ilp32/libc.a(libc_a-fclose.o)
 .comment       0x00000000       0x34 /home/jzy/efinity/efinity-riscv-ide-2026.1/toolchain/bin/../lib/gcc/riscv-none-elf/13.4.0/../../../../riscv-none-elf/lib/rv32im/ilp32/libc.a(libc_a-fclose.o)
 .riscv.attributes
                0x00000000       0x2a /home/jzy/efinity/efinity-riscv-ide-2026.1/toolchain/bin/../lib/gcc/riscv-none-elf/13.4.0/../../../../riscv-none-elf/lib/rv32im/ilp32/libc.a(libc_a-fclose.o)
 .text          0x00000000        0x0 /home/jzy/efinity/efinity-riscv-ide-2026.1/toolchain/bin/../lib/gcc/riscv-none-elf/13.4.0/../../../../riscv-none-elf/lib/rv32im/ilp32/libc.a(libc_a-fflush.o)
 .data          0x00000000        0x0 /home/jzy/efinity/efinity-riscv-ide-2026.1/toolchain/bin/../lib/gcc/riscv-none-elf/13.4.0/../../../../riscv-none-elf/lib/rv32im/ilp32/libc.a(libc_a-fflush.o)
 .bss           0x00000000        0x0 /home/jzy/efinity/efinity-riscv-ide-2026.1/toolchain/bin/../lib/gcc/riscv-none-elf/13.4.0/../../../../riscv-none-elf/lib/rv32im/ilp32/libc.a(libc_a-fflush.o)
 .text.__sflush_r
                0x00000000      0x250 /home/jzy/efinity/efinity-riscv-ide-2026.1/toolchain/bin/../lib/gcc/riscv-none-elf/13.4.0/../../../../riscv-none-elf/lib/rv32im/ilp32/libc.a(libc_a-fflush.o)
 .text._fflush_r
                0x00000000       0xf4 /home/jzy/efinity/efinity-riscv-ide-2026.1/toolchain/bin/../lib/gcc/riscv-none-elf/13.4.0/../../../../riscv-none-elf/lib/rv32im/ilp32/libc.a(libc_a-fflush.o)
 .text.fflush   0x00000000       0xe8 /home/jzy/efinity/efinity-riscv-ide-2026.1/toolchain/bin/../lib/gcc/riscv-none-elf/13.4.0/../../../../riscv-none-elf/lib/rv32im/ilp32/libc.a(libc_a-fflush.o)
 .comment       0x00000000       0x34 /home/jzy/efinity/efinity-riscv-ide-2026.1/toolchain/bin/../lib/gcc/riscv-none-elf/13.4.0/../../../../riscv-none-elf/lib/rv32im/ilp32/libc.a(libc_a-fflush.o)
 .riscv.attributes
                0x00000000       0x2a /home/jzy/efinity/efinity-riscv-ide-2026.1/toolchain/bin/../lib/gcc/riscv-none-elf/13.4.0/../../../../riscv-none-elf/lib/rv32im/ilp32/libc.a(libc_a-fflush.o)
 .text          0x00000000        0x0 /home/jzy/efinity/efinity-riscv-ide-2026.1/toolchain/bin/../lib/gcc/riscv-none-elf/13.4.0/../../../../riscv-none-elf/lib/rv32im/ilp32/libnosys.a(sbrk.o)
 .data          0x00000000        0x0 /home/jzy/efinity/efinity-riscv-ide-2026.1/toolchain/bin/../lib/gcc/riscv-none-elf/13.4.0/../../../../riscv-none-elf/lib/rv32im/ilp32/libnosys.a(sbrk.o)
 .bss           0x00000000        0x0 /home/jzy/efinity/efinity-riscv-ide-2026.1/toolchain/bin/../lib/gcc/riscv-none-elf/13.4.0/../../../../riscv-none-elf/lib/rv32im/ilp32/libnosys.a(sbrk.o)
 .text._sbrk    0x00000000       0x38 /home/jzy/efinity/efinity-riscv-ide-2026.1/toolchain/bin/../lib/gcc/riscv-none-elf/13.4.0/../../../../riscv-none-elf/lib/rv32im/ilp32/libnosys.a(sbrk.o)
 .sbss.heap_end.0
                0x00000000        0x4 /home/jzy/efinity/efinity-riscv-ide-2026.1/toolchain/bin/../lib/gcc/riscv-none-elf/13.4.0/../../../../riscv-none-elf/lib/rv32im/ilp32/libnosys.a(sbrk.o)
 .comment       0x00000000       0x34 /home/jzy/efinity/efinity-riscv-ide-2026.1/toolchain/bin/../lib/gcc/riscv-none-elf/13.4.0/../../../../riscv-none-elf/lib/rv32im/ilp32/libnosys.a(sbrk.o)
 .riscv.attributes
                0x00000000       0x2a /home/jzy/efinity/efinity-riscv-ide-2026.1/toolchain/bin/../lib/gcc/riscv-none-elf/13.4.0/../../../../riscv-none-elf/lib/rv32im/ilp32/libnosys.a(sbrk.o)

Memory Configuration

Name             Origin             Length             Attributes
ram              0x00001000         0x0001f000         axwl!r
*default*        0x00000000         0xffffffff

Linker script and memory map

LOAD build/obj_files/main.o
LOAD build/obj_files/start.o
LOAD build/obj_files/syscalls.o
LOAD /home/jzy/efinity/efinity-riscv-ide-2026.1/toolchain/bin/../lib/gcc/riscv-none-elf/13.4.0/../../../../riscv-none-elf/lib/rv32im/ilp32/libc.a
LOAD /home/jzy/efinity/efinity-riscv-ide-2026.1/toolchain/bin/../lib/gcc/riscv-none-elf/13.4.0/rv32im/ilp32/libgcc.a
                0x00001000                        __stack_size = DEFINED (__stack_size)?__stack_size:0x1000

.init           0x00001000       0xb4
 *(SORT_NONE(.init))
 .init          0x00001000       0xb4 build/obj_files/start.o
                0x00001000                _start
                0x00001014                smp_slave
                0x00001038                smp_unlock
                0x000010b0                _init

.text           0x000010b4      0x538
 *(.text.Proc_1)
 *(.text.Proc_2)
 *(.text.Proc_3)
 *(.text.Proc_4)
 *(.text.Proc_5)
 *(.text.Proc_6)
 *(.text.Proc_7)
 *(.text.Proc_8)
 *(.text.Func_1)
 *(.text.Func_2)
 *(.text.Func_3)
 *(.text.strcpy)
 *libc.a:*(.text .text.*)
 .text.__libc_init_array
                0x000010b4       0x94 /home/jzy/efinity/efinity-riscv-ide-2026.1/toolchain/bin/../lib/gcc/riscv-none-elf/13.4.0/../../../../riscv-none-elf/lib/rv32im/ilp32/libc.a(libc_a-init.o)
                0x000010b4                __libc_init_array
 *(.text.main)
 .text.main     0x00001148       0x50 build/obj_files/main.o
                0x00001148                main
 *(.text.unlikely .text.unlikely.*)
 *(.text.startup .text.startup.*)
 *(.text .text.*)
 .text.uart_writeAvailability
                0x00001198       0x10 build/obj_files/main.o
 .text.uart_readOccupancy
                0x000011a8        0xc build/obj_files/main.o
 .text.uart_write
                0x000011b4       0x3c build/obj_files/main.o
 .text.uart_read
                0x000011f0       0x34 build/obj_files/main.o
 .text.uart_applyConfig
                0x00001224       0x30 build/obj_files/main.o
 .text._putchar
                0x00001254       0x20 build/obj_files/main.o
 .text._putchar_s
                0x00001274       0x34 build/obj_files/main.o
 .text.bsp_printHex
                0x000012a8       0x54 build/obj_files/main.o
 .text.bsp_printHex_lower
                0x000012fc       0x54 build/obj_files/main.o
 .text.bsp_printf_c
                0x00001350       0x1c build/obj_files/main.o
 .text.bsp_printf_s
                0x0000136c       0x18 build/obj_files/main.o
 .text.bsp_printf_d
                0x00001384       0x80 build/obj_files/main.o
 .text.bsp_printf_x
                0x00001404       0x40 build/obj_files/main.o
 .text.bsp_printf_X
                0x00001444       0x40 build/obj_files/main.o
 .text.bsp_init
                0x00001484       0x38 build/obj_files/main.o
 .text.bsp_printf
                0x000014bc      0x130 build/obj_files/main.o
 *(.gnu.linkonce.t.*)
 *(.note.gnu.build-id)

.fini
 *(SORT_NONE(.fini))
                [!provide]                        PROVIDE (__etext = .)
                [!provide]                        PROVIDE (_etext = .)
                [!provide]                        PROVIDE (etext = .)
                0x000015ec                        . = ALIGN (0x4)

.preinit_array  0x000015ec        0x0
                0x000015ec                        PROVIDE (__preinit_array_start = .)
 *(.preinit_array)
                0x000015ec                        PROVIDE (__preinit_array_end = .)

.init_array     0x000015ec        0x0
                0x000015ec                        PROVIDE (__init_array_start = .)
 *(SORT_BY_INIT_PRIORITY(.init_array.*) SORT_BY_INIT_PRIORITY(.ctors.*))
 *(.init_array EXCLUDE_FILE(*crtend?.o *crtend.o *crtbegin?.o *crtbegin.o) .ctors)
                0x000015ec                        PROVIDE (__init_array_end = .)

.fini_array     0x000015ec        0x0
                [!provide]                        PROVIDE (__fini_array_start = .)
 *(SORT_BY_INIT_PRIORITY(.fini_array.*) SORT_BY_INIT_PRIORITY(.dtors.*))
 *(.fini_array EXCLUDE_FILE(*crtend?.o *crtend.o *crtbegin?.o *crtbegin.o) .dtors)
                [!provide]                        PROVIDE (__fini_array_end = .)

.ctors
 *crtbegin.o(.ctors)
 *crtbegin?.o(.ctors)
 *(EXCLUDE_FILE(*crtend?.o *crtend.o) .ctors)
 *(SORT_BY_NAME(.ctors.*))
 *(.ctors)

.dtors
 *crtbegin.o(.dtors)
 *crtbegin?.o(.dtors)
 *(EXCLUDE_FILE(*crtend?.o *crtend.o) .dtors)
 *(SORT_BY_NAME(.dtors.*))
 *(.dtors)

.lalign         0x000015ec        0x0
                0x000015ec                        PROVIDE (_data_lma = .)

.dalign         0x000015ec        0x0
                0x000015ec                        PROVIDE (_data = .)

.data           0x000015ec      0x16e
 *(.rdata)
 *(.rodata .rodata.*)
 .rodata.bsp_printHex.str1.4
                0x000015ec       0xde build/obj_files/main.o
                                 0x11 (size before relaxing)
 .rodata.bsp_printHex_lower.str1.4
                0x000016ca        0x0 build/obj_files/main.o
                                 0x11 (size before relaxing)
 .rodata.bsp_printf.str1.4
                0x000016ca        0x0 build/obj_files/main.o
                                 0x49 (size before relaxing)
 *fill*         0x000016ca        0x2 
 .rodata.bsp_printf
                0x000016cc       0x84 build/obj_files/main.o
 .rodata.main.str1.4
                0x00001750        0x0 build/obj_files/main.o
                                 0x6a (size before relaxing)
 *(.gnu.linkonce.r.*)
 *(.data .data.*)
 *(.gnu.linkonce.d.*)
                0x00001750                        . = ALIGN (0x8)
 *fill*         0x00001750        0x0 
                0x00001f40                        PROVIDE (__global_pointer$ = (. + 0x7f0))
 *(.sdata .sdata.*)
 *(.gnu.linkonce.s.*)
                0x00001750                        . = ALIGN (0x8)
 *(.srodata.cst16)
 *(.srodata.cst8)
 *(.srodata.cst4)
 *(.srodata.cst2)
 *(.srodata .srodata.*)
                0x0000175a                        . = (. + 0xa)
 *fill*         0x00001750        0xa 

.rela.dyn       0x0000175c        0x0
 .rela.init     0x0000175c        0x0 build/obj_files/main.o
 .rela.text.__libc_init_array
                0x0000175c        0x0 build/obj_files/main.o
                0x0000175c                        . = ALIGN (0x4)
                0x0000175c                        PROVIDE (_edata = .)
                [!provide]                        PROVIDE (edata = .)
                [!provide]                        PROVIDE (_fbss = .)
                0x0000175c                        PROVIDE (__bss_start = .)

.bss            0x0000175c        0x8
 *(.sbss*)
 *(.gnu.linkonce.sb.*)
 *(.bss .bss.*)
 .bss           0x0000175c        0x8 build/obj_files/start.o
                0x0000175c                smp_lottery_target
                0x00001760                smp_lottery_lock
 *(.gnu.linkonce.b.*)
 *(COMMON)
                0x00001764                        . = ALIGN (0x4)
                0x00001768                        . = ALIGN (0x8)
                0x00001768                        PROVIDE (_end = .)
                0x00001768                        PROVIDE (end = .)

.stack          0x00001770     0x1000
                [!provide]                        PROVIDE (_heap_end = .)
                0x00001000                        . = __stack_size
 *fill*         0x00001770     0x1000 
                0x00002770                        PROVIDE (_sp = .)
                0x00002770                        __freertos_irq_stack_top = .
LOAD /home/jzy/efinity/efinity-riscv-ide-2026.1/toolchain/bin/../lib/gcc/riscv-none-elf/13.4.0/../../../../riscv-none-elf/lib/rv32im/ilp32/libm.a
LOAD /home/jzy/efinity/efinity-riscv-ide-2026.1/toolchain/bin/../lib/gcc/riscv-none-elf/13.4.0/rv32im/ilp32/libgcc.a
START GROUP
LOAD /home/jzy/efinity/efinity-riscv-ide-2026.1/toolchain/bin/../lib/gcc/riscv-none-elf/13.4.0/../../../../riscv-none-elf/lib/rv32im/ilp32/libc.a
END GROUP
LOAD /home/jzy/efinity/efinity-riscv-ide-2026.1/toolchain/bin/../lib/gcc/riscv-none-elf/13.4.0/rv32im/ilp32/libgcc.a
START GROUP
LOAD /home/jzy/efinity/efinity-riscv-ide-2026.1/toolchain/bin/../lib/gcc/riscv-none-elf/13.4.0/rv32im/ilp32/libgcc.a
LOAD /home/jzy/efinity/efinity-riscv-ide-2026.1/toolchain/bin/../lib/gcc/riscv-none-elf/13.4.0/../../../../riscv-none-elf/lib/rv32im/ilp32/libc.a
LOAD /home/jzy/efinity/efinity-riscv-ide-2026.1/toolchain/bin/../lib/gcc/riscv-none-elf/13.4.0/../../../../riscv-none-elf/lib/rv32im/ilp32/libnosys.a
END GROUP
OUTPUT(build/uartEchoDemo.elf elf32-littleriscv)

.debug_info     0x00000000      0x7c0
 .debug_info    0x00000000      0x79b build/obj_files/main.o
 .debug_info    0x0000079b       0x25 build/obj_files/start.o

.debug_abbrev   0x00000000      0x2d2
 .debug_abbrev  0x00000000      0x2be build/obj_files/main.o
 .debug_abbrev  0x000002be       0x14 build/obj_files/start.o

.debug_loclists
                0x00000000      0x280
 .debug_loclists
                0x00000000      0x280 build/obj_files/main.o

.debug_aranges  0x00000000       0xc0
 .debug_aranges
                0x00000000       0xa0 build/obj_files/main.o
 .debug_aranges
                0x000000a0       0x20 build/obj_files/start.o

.debug_rnglists
                0x00000000       0x75
 .debug_rnglists
                0x00000000       0x75 build/obj_files/main.o

.debug_macro    0x00000000     0x1e8e
 .debug_macro   0x00000000      0x1d2 build/obj_files/main.o
 .debug_macro   0x000001d2      0x7c6 build/obj_files/main.o
 .debug_macro   0x00000998      0x1a8 build/obj_files/main.o
 .debug_macro   0x00000b40       0x22 build/obj_files/main.o
 .debug_macro   0x00000b62       0x8e build/obj_files/main.o
 .debug_macro   0x00000bf0       0x51 build/obj_files/main.o
 .debug_macro   0x00000c41      0x103 build/obj_files/main.o
 .debug_macro   0x00000d44       0x6a build/obj_files/main.o
 .debug_macro   0x00000dae      0x1df build/obj_files/main.o
 .debug_macro   0x00000f8d       0xc4 build/obj_files/main.o
 .debug_macro   0x00001051       0x10 build/obj_files/main.o
 .debug_macro   0x00001061       0x1c build/obj_files/main.o
 .debug_macro   0x0000107d       0x16 build/obj_files/main.o
 .debug_macro   0x00001093      0x1d7 build/obj_files/main.o
 .debug_macro   0x0000126a       0x1c build/obj_files/main.o
 .debug_macro   0x00001286       0x70 build/obj_files/main.o
 .debug_macro   0x000012f6       0x58 build/obj_files/main.o
 .debug_macro   0x0000134e       0x19 build/obj_files/main.o
 .debug_macro   0x00001367       0x6e build/obj_files/main.o
 .debug_macro   0x000013d5       0x3b build/obj_files/main.o
 .debug_macro   0x00001410       0x34 build/obj_files/main.o
 .debug_macro   0x00001444       0x16 build/obj_files/main.o
 .debug_macro   0x0000145a      0x11c build/obj_files/main.o
 .debug_macro   0x00001576       0x9b build/obj_files/main.o
 .debug_macro   0x00001611      0x370 build/obj_files/main.o
 .debug_macro   0x00001981       0x16 build/obj_files/main.o
 .debug_macro   0x00001997       0x4a build/obj_files/main.o
 .debug_macro   0x000019e1       0x34 build/obj_files/main.o
 .debug_macro   0x00001a15       0x10 build/obj_files/main.o
 .debug_macro   0x00001a25       0x58 build/obj_files/main.o
 .debug_macro   0x00001a7d      0x1e5 build/obj_files/main.o
 .debug_macro   0x00001c62       0x16 build/obj_files/main.o
 .debug_macro   0x00001c78       0x29 build/obj_files/main.o
 .debug_macro   0x00001ca1      0x19b build/obj_files/main.o
 .debug_macro   0x00001e3c       0x16 build/obj_files/main.o
 .debug_macro   0x00001e52       0x3c build/obj_files/main.o

.debug_line     0x00000000      0x9a9
 .debug_line    0x00000000      0x887 build/obj_files/main.o
 .debug_line    0x00000887      0x122 build/obj_files/start.o

.debug_str      0x00000000     0x8d31
 .debug_str     0x00000000     0x8d31 build/obj_files/main.o
                               0x8ee7 (size before relaxing)
 .debug_str     0x00008d31        0x0 build/obj_files/start.o
                                 0x83 (size before relaxing)

.debug_line_str
                0x00000000      0x379
 .debug_line_str
                0x00000000      0x379 build/obj_files/main.o
                                0x3b0 (size before relaxing)
 .debug_line_str
                0x00000379        0x0 build/obj_files/start.o
                                 0x77 (size before relaxing)

.comment        0x00000000       0x33
 .comment       0x00000000       0x33 build/obj_files/main.o
                                 0x34 (size before relaxing)
 .comment       0x00000033        0x0 /home/jzy/efinity/efinity-riscv-ide-2026.1/toolchain/bin/../lib/gcc/riscv-none-elf/13.4.0/../../../../riscv-none-elf/lib/rv32im/ilp32/libc.a(libc_a-init.o)
                                 0x34 (size before relaxing)

.riscv.attributes
                0x00000000       0x43
 .riscv.attributes
                0x00000000       0x3f build/obj_files/main.o
 .riscv.attributes
                0x0000003f       0x41 build/obj_files/start.o
 .riscv.attributes
                0x00000080       0x2a /home/jzy/efinity/efinity-riscv-ide-2026.1/toolchain/bin/../lib/gcc/riscv-none-elf/13.4.0/../../../../riscv-none-elf/lib/rv32im/ilp32/libc.a(libc_a-init.o)

.debug_frame    0x00000000      0x1f8
 .debug_frame   0x00000000      0x1f8 build/obj_files/main.o
